Microchip MPLAB XC8 Compiler V2.31

Linker command line:

-W-3 --edf=C:\Program Files\Microchip\xc8\v2.31\pic\dat\en_msgs.txt -cn \
  -h+dist/default/debug\Proyecto2.X.debug.sym \
  --cmf=dist/default/debug\Proyecto2.X.debug.cmf -z -Q16F887 \
  -oC:\Users\vema3\AppData\Local\Temp\s79s.2 --defsym=__MPLAB_BUILD=1 \
  -Mdist/default/debug/Proyecto2.X.debug.map -E1 -ver=XC8 Compiler \
  --acfsm=1493 -ASTACK=0110h-016Fh -pstack=STACK -ACODE=00h-07FFhx4 \
  -ASTRCODE=00h-01FFFh -ASTRING=00h-0FFhx32 -ACONST=00h-0FFhx32 \
  -AENTRY=00h-0FFhx32 -ACOMMON=070h-07Fh -ABANK0=020h-06Fh \
  -ABANK1=0A0h-0EFh -ABANK2=0110h-016Fh -ABANK3=0190h-01EFh \
  -ARAM=020h-06Fh,0A0h-0EFh,0110h-016Fh,0190h-01EFh \
  -AABS1=020h-07Fh,0A0h-0EFh,0110h-016Fh,0190h-01EFh -ASFR0=00h-01Fh \
  -ASFR1=080h-09Fh -ASFR2=0100h-010Fh -ASFR3=0180h-018Fh \
  -ACONFIG=02007h-02008h -DCONFIG=2 -AIDLOC=02000h-02003h -DIDLOC=2 \
  -AEEDATA=00h-0FFh/02100h -peeprom_data=EEDATA -DEEDATA=2 -DCODE=2 \
  -DSTRCODE=2 -DSTRING=2 -DCONST=2 -DENTRY=2 \
  -preset_vec=00h,intentry=04h,init,end_init -ppowerup=CODE -pcinit=CODE \
  -pfunctab=ENTRY -k C:\Users\vema3\AppData\Local\Temp\s79s.o \
  dist/default/debug\Proyecto2.X.debug.o 

Object code version is 3.11

Machine type is 16F887



                Name                               Link     Load   Length Selector   Space Scale
C:\Users\vema3\AppData\Local\Temp\s79s.o
                end_init                              C        C        3        8       0
                reset_vec                             0        0        3        0       0
                config                             2007     2007        2        0       4
dist/default/debug\Proyecto2.X.debug.o
                cinit                                 F        F       30        8       0
                intentry                              4        4        8        8       0
                config                             2007     2007        2        0       4
                text7                               F0C      F0C       F4     1E18       0
                text6                               7C8      7C8       24      E8C       0
                text5                               D78      D78       57     1AF0       0
                text4                               E2A      E2A       69     1C54       0
                text3                               DCF      DCF       5B     1B9E       0
                text2                               E93      E93       79     1D26       0
                text1                               746      746       82      E8C       0
                maintext                             3F       3F      47B        8       0
                cstackBANK0                          32       32        E       20       1
                cstackCOMMON                         75       75        5       70       1
                clrtext                             7EC      7EC        8      E8C       0
                dataBANK0                            40       40        5       20       1
                bssBANK0                             20       20       12       20       1
                bssCOMMON                            70       70        5       70       1
                stringtext                          500      500      246        A       0
                strings                             4BA      4BA       12      974       0
                idataBANK0                          7F4      7F4        5      E8C       0

TOTAL           Name                               Link     Load   Length     Space
        CLASS   STACK          

        CLASS   CODE           
                end_init                              C        C        3         0
                cinit                                 F        F       30         0
                intentry                              4        4        8         0
                reset_vec                             0        0        3         0
                text7                               F0C      F0C       F4         0
                text6                               7C8      7C8       24         0
                text5                               D78      D78       57         0
                text4                               E2A      E2A       69         0
                text3                               DCF      DCF       5B         0
                text2                               E93      E93       79         0
                text1                               746      746       82         0
                maintext                             3F       3F      47B         0
                clrtext                             7EC      7EC        8         0
                idataBANK0                          7F4      7F4        5         0

        CLASS   STRCODE        
                stringtext                          500      500      246         0

        CLASS   STRING         
                strings                             4BA      4BA       12         0

        CLASS   CONST          

        CLASS   ENTRY          

        CLASS   COMMON         
                cstackCOMMON                         75       75        5         1
                bssCOMMON                            70       70        5         1

        CLASS   BANK0          
                cstackBANK0                          32       32        E         1
                dataBANK0                            40       40        5         1
                bssBANK0                             20       20       12         1

        CLASS   BANK1          

        CLASS   BANK2          

        CLASS   BANK3          

        CLASS   RAM            

        CLASS   ABS1           
                abs_s1                               7E       7E        2         1

        CLASS   SFR0           

        CLASS   SFR1           

        CLASS   SFR2           

        CLASS   SFR3           

        CLASS   CONFIG         
                config                             2007     2007        2         4

        CLASS   IDLOC          

        CLASS   EEDATA         



SEGMENTS        Name                           Load    Length   Top    Selector   Space  Class     Delta

                reset_vec                      000000  000003  000003         0       0  CODE        2
                intentry                       000004  0004B6  0004BA         8       0  CODE        2
                bssBANK0                       000020  000025  000045        20       1  BANK0       1
                bssCOMMON                      000070  00000A  00007A        70       1  COMMON      1
                strings                        0004BA  000012  0004CC       974       0  STRING      2
                stringtext                     000500  000246  000746         A       0  STRCODE     2
                text1                          000746  0000B3  0007F9       E8C       0  CODE        2
                text5                          000D78  000057  000DCF      1AF0       0  CODE        2
                text3                          000DCF  00005B  000E2A      1B9E       0  CODE        2
                text4                          000E2A  000069  000E93      1C54       0  CODE        2
                text2                          000E93  000079  000F0C      1D26       0  CODE        2
                text7                          000F0C  0000F4  001000      1E18       0  CODE        2


UNUSED ADDRESS RANGES

        Name                Unused          Largest block    Delta
        BANK0            0045-006F             2B           1
        BANK1            00A0-00EF             50           1
        BANK2            0110-016F             60           1
        BANK3            0190-01EF             60           1
        CODE             0003-0003              1           2
                         04CC-04FF             34
                         07F9-0D77              7
                         1000-1FFF            800
        COMMON           007A-007D              4           1
        CONST            0003-0003              1           2
                         04CC-04FF             34
                         07F9-0D77            100
                         1000-1FFF            100
        EEDATA           2100-21FF            100           2
        ENTRY            0003-0003              1           2
                         04CC-04FF             34
                         07F9-0D77            100
                         1000-1FFF            100
        IDLOC            2000-2003              4           2
        RAM              0045-006F             2B           1
                         00A0-00EF             50
                         0110-016F             60
                         0190-01EF             60
        SFR0             0000-001F             20           1
        SFR1             0080-009F             20           1
        SFR2             0100-010F             10           1
        SFR3             0180-018F             10           1
        STACK            0110-016F             60           1
        STRCODE          0003-0003              1           2
                         04CC-04FF             34
                         07F9-0D77            57F
                         1000-1FFF           1000
        STRING           0003-0003              1           2
                         04CC-04FF             34
                         07F9-0D77            100
                         1000-1FFF            100

                                  Symbol Table

?___awdiv                 cstackBANK0  0032
?___awmod                 cstackBANK0  0032
?_decimal                 cstackBANK0  0032
?_strlen                  cstackBANK0  0032
String_Completo@i         cstackBANK0  003B
String_Completo@var       cstackBANK0  0036
_ADCON0bits               (abs)        001F
_ADCON1bits               (abs)        009F
_ADRESH                   (abs)        001E
_ADRESL                   (abs)        009E
_ANSEL                    (abs)        0188
_ANSELH                   (abs)        0189
_BAUDCTLbits              (abs)        0187
_CCP1CONbits              (abs)        0017
_CCP2CONbits              (abs)        001D
_CCPR1L                   (abs)        0015
_CCPR2L                   (abs)        001B
_INTCONbits               (abs)        000B
_IOCB                     (abs)        0096
_OPTION_REGbits           (abs)        0081
_OSCCONbits               (abs)        008F
_PIE1bits                 (abs)        008C
_PIR1bits                 (abs)        000C
_PORTA                    (abs)        0005
_PORTAbits                (abs)        0005
_PORTB                    (abs)        0006
_PORTBbits                (abs)        0006
_PORTC                    (abs)        0007
_PORTD                    (abs)        0008
_PORTDbits                (abs)        0008
_PORTE                    (abs)        0009
_PR2                      (abs)        0092
_RCREG                    (abs)        001A
_RCSTAbits                (abs)        0018
_SPBRG                    (abs)        0099
_SPBRGH                   (abs)        009A
_String_Completo          text5        0D78
_T2CONbits                (abs)        0012
_TRISA                    (abs)        0085
_TRISB                    (abs)        0086
_TRISC                    (abs)        0087
_TRISD                    (abs)        0088
_TRISE                    (abs)        0089
_TXREG                    (abs)        0019
_TXSTAbits                (abs)        0098
_WPUB                     (abs)        0095
__Habs1                   abs1         0000
__Hbank0                  bank0        0000
__Hbank1                  bank1        0000
__Hbank2                  bank2        0000
__Hbank3                  bank3        0000
__HbssBANK0               bssBANK0     0000
__HbssCOMMON              bssCOMMON    0000
__Hcinit                  cinit        003F
__Hclrtext                clrtext      0000
__Hcode                   code         0000
__Hcommon                 common       0000
__Hconfig                 config       2009
__HcstackBANK0            cstackBANK0  0000
__HcstackCOMMON           cstackCOMMON 0000
__HdataBANK0              dataBANK0    0000
__Heeprom_data            eeprom_data  0000
__Hend_init               end_init     000F
__Hfunctab                functab      0000
__HidataBANK0             idataBANK0   0000
__Hinit                   init         000C
__Hintentry               intentry     000C
__Hmaintext               maintext     0000
__Hpowerup                powerup      0000
__Hram                    ram          0000
__Hreset_vec              reset_vec    0003
__Hsfr0                   sfr0         0000
__Hsfr1                   sfr1         0000
__Hsfr2                   sfr2         0000
__Hsfr3                   sfr3         0000
__Hspace_0                (abs)        1000
__Hspace_1                (abs)        007A
__Hspace_2                (abs)        0000
__Hspace_3                (abs)        0000
__Hspace_4                (abs)        4010
__Hstack                  stack        0000
__Hstrings                strings      0000
__Hstringtext             stringtext   0000
__Htext                   text         0000
__Labs1                   abs1         0000
__Lbank0                  bank0        0000
__Lbank1                  bank1        0000
__Lbank2                  bank2        0000
__Lbank3                  bank3        0000
__LbssBANK0               bssBANK0     0000
__LbssCOMMON              bssCOMMON    0000
__Lcinit                  cinit        000F
__Lclrtext                clrtext      0000
__Lcode                   code         0000
__Lcommon                 common       0000
__Lconfig                 config       0000
__LcstackBANK0            cstackBANK0  0000
__LcstackCOMMON           cstackCOMMON 0000
__LdataBANK0              dataBANK0    0000
__Leeprom_data            eeprom_data  0000
__Lend_init               end_init     000C
__Lfunctab                functab      0000
__LidataBANK0             idataBANK0   0000
__Linit                   init         000C
__Lintentry               intentry     0004
__Lmaintext               maintext     0000
__Lpowerup                powerup      0000
__Lram                    ram          0000
__Lreset_vec              reset_vec    0000
__Lsfr0                   sfr0         0000
__Lsfr1                   sfr1         0000
__Lsfr2                   sfr2         0000
__Lsfr3                   sfr3         0000
__Lspace_0                (abs)        0000
__Lspace_1                (abs)        0000
__Lspace_2                (abs)        0000
__Lspace_3                (abs)        0000
__Lspace_4                (abs)        0000
__Lstack                  stack        0000
__Lstrings                strings      0000
__Lstringtext             stringtext   0000
__Ltext                   text         0000
__S0                      (abs)        1000
__S1                      (abs)        007A
__S2                      (abs)        0000
__S3                      (abs)        0000
___awdiv                  text4        0E2A
___awdiv@counter          cstackBANK0  0037
___awdiv@dividend         cstackBANK0  0034
___awdiv@divisor          cstackBANK0  0032
___awdiv@quotient         cstackBANK0  0039
___awdiv@sign             cstackBANK0  0038
___awmod                  text3        0DCF
___awmod@counter          cstackBANK0  0037
___awmod@dividend         cstackBANK0  0034
___awmod@divisor          cstackBANK0  0032
___awmod@sign             cstackBANK0  0038
___int_sp                 stack        0000
___latbits                (abs)        0002
___sp                     stack        0000
___stackhi                (abs)        0000
___stacklo                (abs)        0000
__end_of_String_Completo  text5        0DCF
__end_of___awdiv          text4        0E93
__end_of___awmod          text3        0E2A
__end_of__initialization  cinit        003B
__end_of__stringtab       strings      04CC
__end_of_decimal          text2        0F0C
__end_of_isr              text7        1000
__end_of_main             maintext     04BA
__end_of_setup            text1        07C8
__end_of_strlen           text6        07EC
__initialization          cinit        000F
__pbssBANK0               bssBANK0     0020
__pbssCOMMON              bssCOMMON    0070
__pcstackBANK0            cstackBANK0  0032
__pcstackCOMMON           cstackCOMMON 0075
__pdataBANK0              dataBANK0    0040
__pidataBANK0             idataBANK0   07F4
__pintentry               intentry     0004
__pmaintext               maintext     003F
__pstrings                strings      04BA
__pstringtext             stringtext   0500
__ptext1                  text1        0746
__ptext2                  text2        0E93
__ptext3                  text3        0DCF
__ptext4                  text4        0E2A
__ptext5                  text5        0D78
__ptext6                  text6        07C8
__ptext7                  text7        0F0C
__size_of_String_Completo (abs)        0000
__size_of___awdiv         (abs)        0000
__size_of___awmod         (abs)        0000
__size_of_decimal         (abs)        0000
__size_of_isr             (abs)        0000
__size_of_main            (abs)        0000
__size_of_setup           (abs)        0000
__size_of_strlen          (abs)        0000
__stringbase              strings      04CC
__stringtab               strings      04BA
_centenas                 bssBANK0     002C
_decenas                  bssBANK0     002A
_decenas_temp             bssBANK0     0028
_decimal                  text2        0E93
_flag                     dataBANK0    0042
_flag2                    bssBANK0     0030
_isr                      text7        0F0C
_main                     maintext     003F
_opcion                   bssCOMMON    0074
_setup                    text1        0746
_strlen                   text6        07C8
_unidades                 bssBANK0     0026
_valor_pot                bssBANK0     002E
_var_temp                 bssCOMMON    0070
btemp                     (abs)        007E
clear_ram0                clrtext      07EC
decimal@val               cstackBANK0  0032
end_of_initialization     cinit        003B
interrupt_function        intentry     0004
intlevel0                 functab      0000
intlevel1                 functab      0000
intlevel2                 functab      0000
intlevel3                 functab      0000
intlevel4                 functab      0000
intlevel5                 functab      0000
reset_vec                 reset_vec    0000
saved_w                   (abs)        007E
start                     init         000C
start_initialization      cinit        000F
strlen@cp                 cstackBANK0  0034
strlen@s                  cstackBANK0  0032
wtemp0                    (abs)        007E


FUNCTION INFORMATION:

 *************** function _main *****************
 Defined at:
		line 88 in file "Proyecto2.c"
 Parameters:    Size  Location     Type
		None
 Auto vars:     Size  Location     Type
		None
 Return value:  Size  Location     Type
                  1    wreg      void 
 Registers used:
		wreg, fsr0l, fsr0h, status,2, status,0, btemp+1, pclath, cstack
 Tracked objects:
		On entry : 
		On exit  : 
		Unchanged: 
 Data sizes:     COMMON   BANK0   BANK1   BANK3   BANK2
      Params:         0       0       0       0       0
      Locals:         0       0       0       0       0
      Temps:          0       3       0       0       0
      Totals:         0       3       0       0       0
Total ram usage:        3 bytes
 Hardware stack levels required when called:    4
 This function calls:
		_String_Completo
		___awdiv
		___awmod
		_decimal
		_setup
 This function is called by:
		Startup code after reset
 This function uses a non-reentrant model


 *************** function _setup *****************
 Defined at:
		line 414 in file "Proyecto2.c"
 Parameters:    Size  Location     Type
		None
 Auto vars:     Size  Location     Type
		None
 Return value:  Size  Location     Type
                  1    wreg      void 
 Registers used:
		wreg, status,2, status,0
 Tracked objects:
		On entry : 
		On exit  : 
		Unchanged: 
 Data sizes:     COMMON   BANK0   BANK1   BANK3   BANK2
      Params:         0       0       0       0       0
      Locals:         0       0       0       0       0
      Temps:          0       1       0       0       0
      Totals:         0       1       0       0       0
Total ram usage:        1 bytes
 Hardware stack levels used:    1
 Hardware stack levels required when called:    1
 This function calls:
		Nothing
 This function is called by:
		_main
 This function uses a non-reentrant model


 *************** function _decimal *****************
 Defined at:
		line 376 in file "Proyecto2.c"
 Parameters:    Size  Location     Type
  val             2    0[BANK0 ] int 
 Auto vars:     Size  Location     Type
		None
 Return value:  Size  Location     Type
                  2    0[BANK0 ] int 
 Registers used:
		wreg, status,2, status,0
 Tracked objects:
		On entry : 
		On exit  : 
		Unchanged: 
 Data sizes:     COMMON   BANK0   BANK1   BANK3   BANK2
      Params:         0       2       0       0       0
      Locals:         0       0       0       0       0
      Temps:          0       0       0       0       0
      Totals:         0       2       0       0       0
Total ram usage:        2 bytes
 Hardware stack levels used:    1
 Hardware stack levels required when called:    1
 This function calls:
		Nothing
 This function is called by:
		_main
 This function uses a non-reentrant model


 *************** function ___awmod *****************
 Defined at:
		line 5 in file "C:\Program Files\Microchip\xc8\v2.31\pic\sources\c90\common\awmod.c"
 Parameters:    Size  Location     Type
  divisor         2    0[BANK0 ] int 
  dividend        2    2[BANK0 ] int 
 Auto vars:     Size  Location     Type
  sign            1    6[BANK0 ] unsigned char 
  counter         1    5[BANK0 ] unsigned char 
 Return value:  Size  Location     Type
                  2    0[BANK0 ] int 
 Registers used:
		wreg, status,2, status,0
 Tracked objects:
		On entry : 
		On exit  : 
		Unchanged: 
 Data sizes:     COMMON   BANK0   BANK1   BANK3   BANK2
      Params:         0       4       0       0       0
      Locals:         0       2       0       0       0
      Temps:          0       1       0       0       0
      Totals:         0       7       0       0       0
Total ram usage:        7 bytes
 Hardware stack levels used:    1
 Hardware stack levels required when called:    1
 This function calls:
		Nothing
 This function is called by:
		_main
 This function uses a non-reentrant model


 *************** function ___awdiv *****************
 Defined at:
		line 5 in file "C:\Program Files\Microchip\xc8\v2.31\pic\sources\c90\common\awdiv.c"
 Parameters:    Size  Location     Type
  divisor         2    0[BANK0 ] int 
  dividend        2    2[BANK0 ] int 
 Auto vars:     Size  Location     Type
  quotient        2    7[BANK0 ] int 
  sign            1    6[BANK0 ] unsigned char 
  counter         1    5[BANK0 ] unsigned char 
 Return value:  Size  Location     Type
                  2    0[BANK0 ] int 
 Registers used:
		wreg, status,2, status,0
 Tracked objects:
		On entry : 
		On exit  : 
		Unchanged: 
 Data sizes:     COMMON   BANK0   BANK1   BANK3   BANK2
      Params:         0       4       0       0       0
      Locals:         0       4       0       0       0
      Temps:          0       1       0       0       0
      Totals:         0       9       0       0       0
Total ram usage:        9 bytes
 Hardware stack levels used:    1
 Hardware stack levels required when called:    1
 This function calls:
		Nothing
 This function is called by:
		_main
 This function uses a non-reentrant model


 *************** function _String_Completo *****************
 Defined at:
		line 400 in file "Proyecto2.c"
 Parameters:    Size  Location     Type
  var             2    4[BANK0 ] PTR unsigned char 
		 -> STR_22(49), STR_21(32), STR_20(13), STR_19(28), 
		 -> STR_18(30), STR_17(38), STR_16(25), STR_15(23), 
		 -> STR_14(15), STR_13(12), STR_12(38), STR_11(46), 
		 -> STR_10(37), STR_9(46), STR_8(36), STR_7(30), 
		 -> STR_6(35), STR_5(19), STR_4(19), STR_3(18), 
		 -> STR_2(27), STR_1(50), 
 Auto vars:     Size  Location     Type
  i               2    9[BANK0 ] int 
 Return value:  Size  Location     Type
                  1    wreg      void 
 Registers used:
		wreg, fsr0l, fsr0h, status,2, status,0, btemp+1, pclath, cstack
 Tracked objects:
		On entry : 
		On exit  : 
		Unchanged: 
 Data sizes:     COMMON   BANK0   BANK1   BANK3   BANK2
      Params:         0       2       0       0       0
      Locals:         0       2       0       0       0
      Temps:          0       3       0       0       0
      Totals:         0       7       0       0       0
Total ram usage:        7 bytes
 Hardware stack levels used:    1
 Hardware stack levels required when called:    3
 This function calls:
		_strlen
 This function is called by:
		_main
 This function uses a non-reentrant model


 *************** function _strlen *****************
 Defined at:
		line 4 in file "C:\Program Files\Microchip\xc8\v2.31\pic\sources\c90\common\strlen.c"
 Parameters:    Size  Location     Type
  s               2    0[BANK0 ] PTR const unsigned char 
		 -> STR_22(49), STR_21(32), STR_20(13), STR_19(28), 
		 -> STR_18(30), STR_17(38), STR_16(25), STR_15(23), 
		 -> STR_14(15), STR_13(12), STR_12(38), STR_11(46), 
		 -> STR_10(37), STR_9(46), STR_8(36), STR_7(30), 
		 -> STR_6(35), STR_5(19), STR_4(19), STR_3(18), 
		 -> STR_2(27), STR_1(50), 
 Auto vars:     Size  Location     Type
  cp              2    2[BANK0 ] PTR const unsigned char 
		 -> STR_22(49), STR_21(32), STR_20(13), STR_19(28), 
		 -> STR_18(30), STR_17(38), STR_16(25), STR_15(23), 
		 -> STR_14(15), STR_13(12), STR_12(38), STR_11(46), 
		 -> STR_10(37), STR_9(46), STR_8(36), STR_7(30), 
		 -> STR_6(35), STR_5(19), STR_4(19), STR_3(18), 
		 -> STR_2(27), STR_1(50), 
 Return value:  Size  Location     Type
                  2    0[BANK0 ] unsigned int 
 Registers used:
		wreg, fsr0l, fsr0h, status,2, status,0, btemp+1, pclath
 Tracked objects:
		On entry : 
		On exit  : 
		Unchanged: 
 Data sizes:     COMMON   BANK0   BANK1   BANK3   BANK2
      Params:         0       2       0       0       0
      Locals:         0       2       0       0       0
      Temps:          0       0       0       0       0
      Totals:         0       4       0       0       0
Total ram usage:        4 bytes
 Hardware stack levels used:    2
 Hardware stack levels required when called:    1
 This function calls:
		Nothing
 This function is called by:
		_String_Completo
 This function uses a non-reentrant model


 *************** function _isr *****************
 Defined at:
		line 301 in file "Proyecto2.c"
 Parameters:    Size  Location     Type
		None
 Auto vars:     Size  Location     Type
		None
 Return value:  Size  Location     Type
                  1    wreg      void 
 Registers used:
		wreg, status,2, status,0
 Tracked objects:
		On entry : 
		On exit  : 
		Unchanged: 
 Data sizes:     COMMON   BANK0   BANK1   BANK3   BANK2
      Params:         0       0       0       0       0
      Locals:         0       0       0       0       0
      Temps:          5       0       0       0       0
      Totals:         5       0       0       0       0
Total ram usage:        5 bytes
 Hardware stack levels used:    1
 This function calls:
		Nothing
 This function is called by:
		Interrupt level 1
 This function uses a non-reentrant model



MODULE INFORMATION

Module		Function		Class		Link	Load	Size
C:\Program Files\Microchip\xc8\v2.31\pic\sources\c90\common\awmod.c
		___awmod       		CODE           	0DCF	0000	91

C:\Program Files\Microchip\xc8\v2.31\pic\sources\c90\common\awmod.c estimated size: 91

C:\Program Files\Microchip\xc8\v2.31\pic\sources\c90\common\awdiv.c
		___awdiv       		CODE           	0E2A	0000	105

C:\Program Files\Microchip\xc8\v2.31\pic\sources\c90\common\awdiv.c estimated size: 105

shared
		__stringtab    		STRING         	04BA	0000	18
		__initialization		CODE           	000F	0000	44

shared estimated size: 62

Proyecto2.c
		_decimal       		CODE           	0E93	0000	121
		_main          		CODE           	003F	0000	1147
		_isr           		CODE           	0F0C	0000	244
		_String_Completo		CODE           	0D78	0000	87
		_setup         		CODE           	0746	0000	130

Proyecto2.c estimated size: 1729

C:\Program Files\Microchip\xc8\v2.31\pic\sources\c90\common\strlen.c
		_strlen        		CODE           	07C8	0000	36

C:\Program Files\Microchip\xc8\v2.31\pic\sources\c90\common\strlen.c estimated size: 36

