Microchip MPLAB XC8 Compiler V2.31

Linker command line:

-W-3 --edf=C:\Program Files\Microchip\xc8\v2.31\pic\dat\en_msgs.txt -cn \
  -h+dist/default/production\Proyecto2.X.production.sym \
  --cmf=dist/default/production\Proyecto2.X.production.cmf -z -Q16F887 \
  -oC:\Users\vema3\AppData\Local\Temp\sbg4.2 --defsym=__MPLAB_BUILD=1 \
  -Mdist/default/production/Proyecto2.X.production.map -E1 \
  -ver=XC8 Compiler --acfsm=1493 -ASTACK=0110h-016Fh -pstack=STACK \
  -ACODE=00h-07FFhx4 -ASTRCODE=00h-01FFFh -ASTRING=00h-0FFhx32 \
  -ACONST=00h-0FFhx32 -AENTRY=00h-0FFhx32 -ACOMMON=070h-07Fh \
  -ABANK0=020h-06Fh -ABANK1=0A0h-0EFh -ABANK2=0110h-016Fh \
  -ABANK3=0190h-01EFh -ARAM=020h-06Fh,0A0h-0EFh,0110h-016Fh,0190h-01EFh \
  -AABS1=020h-07Fh,0A0h-0EFh,0110h-016Fh,0190h-01EFh -ASFR0=00h-01Fh \
  -ASFR1=080h-09Fh -ASFR2=0100h-010Fh -ASFR3=0180h-018Fh \
  -ACONFIG=02007h-02008h -DCONFIG=2 -AIDLOC=02000h-02003h -DIDLOC=2 \
  -AEEDATA=00h-0FFh/02100h -peeprom_data=EEDATA -DEEDATA=2 -DCODE=2 \
  -DSTRCODE=2 -DSTRING=2 -DCONST=2 -DENTRY=2 \
  -preset_vec=00h,intentry=04h,init,end_init -ppowerup=CODE -pcinit=CODE \
  -pfunctab=ENTRY -k C:\Users\vema3\AppData\Local\Temp\sbg4.o \
  dist/default/production\Proyecto2.X.production.o 

Object code version is 3.11

Machine type is 16F887



                Name                               Link     Load   Length Selector   Space Scale
C:\Users\vema3\AppData\Local\Temp\sbg4.o
                end_init                              C        C        3        8       0
                reset_vec                             0        0        3        0       0
                config                             2007     2007        2        0       4
dist/default/production\Proyecto2.X.production.o
                cinit                                 F        F       2A        8       0
                intentry                              4        4        8        8       0
                config                             2007     2007        2        0       4
                text9                               CAF      CAF       11     195E       0
                text8                               E6B      E6B      195     1CD6       0
                text7                               CDA      CDA       24     19B4       0
                text6                               D50      D50       57     1AA0       0
                text5                               E02      E02       69     1C04       0
                text4                               DA7      DA7       5B     1B4E       0
                text3                               CFE      CFE       52     19FC       0
                text2                               568      568       82        8       0
                text1                               CC0      CC0       1A     1980       0
                maintext                             39       39      52F        8       0
                cstackBANK0                          20       20        E       20       1
                cstackCOMMON                         70       70        8       70       1
                dataBANK0                            3A       3A        3       20       1
                bssBANK0                             2E       2E        C       20       1
                dataCOMMON                           7A       7A        1       70       1
                bssCOMMON                            78       78        2       70       1
                stringtext                          600      600      210        C       0
                strings                             5EA      5EA       12      BD4       0
                idataBANK0                          5FC      5FC        3      BF8       0
                idataCOMMON                         5FF      5FF        1      BF8       0

TOTAL           Name                               Link     Load   Length     Space
        CLASS   STACK          

        CLASS   CODE           
                end_init                              C        C        3         0
                cinit                                 F        F       2A         0
                intentry                              4        4        8         0
                reset_vec                             0        0        3         0
                text9                               CAF      CAF       11         0
                text8                               E6B      E6B      195         0
                text7                               CDA      CDA       24         0
                text6                               D50      D50       57         0
                text5                               E02      E02       69         0
                text4                               DA7      DA7       5B         0
                text3                               CFE      CFE       52         0
                text2                               568      568       82         0
                text1                               CC0      CC0       1A         0
                maintext                             39       39      52F         0
                idataBANK0                          5FC      5FC        3         0
                idataCOMMON                         5FF      5FF        1         0

        CLASS   STRCODE        
                stringtext                          600      600      210         0

        CLASS   STRING         
                strings                             5EA      5EA       12         0

        CLASS   CONST          

        CLASS   ENTRY          

        CLASS   COMMON         
                cstackCOMMON                         70       70        8         1
                dataCOMMON                           7A       7A        1         1
                bssCOMMON                            78       78        2         1

        CLASS   BANK0          
                cstackBANK0                          20       20        E         1
                dataBANK0                            3A       3A        3         1
                bssBANK0                             2E       2E        C         1

        CLASS   BANK1          

        CLASS   BANK2          

        CLASS   BANK3          

        CLASS   RAM            

        CLASS   ABS1           
                abs_s1                               7E       7E        2         1

        CLASS   SFR0           

        CLASS   SFR1           

        CLASS   SFR2           

        CLASS   SFR3           

        CLASS   CONFIG         
                config                             2007     2007        2         4

        CLASS   IDLOC          

        CLASS   EEDATA         



SEGMENTS        Name                           Load    Length   Top    Selector   Space  Class     Delta

                reset_vec                      000000  000003  000003         0       0  CODE        2
                intentry                       000004  0005E6  0005EA         8       0  CODE        2
                cstackBANK0                    000020  00001D  00003D        20       1  BANK0       1
                cstackCOMMON                   000070  00000B  00007B        70       1  COMMON      1
                strings                        0005EA  000012  0005FC       BD4       0  STRING      2
                idataBANK0                     0005FC  000004  000600       BF8       0  CODE        2
                stringtext                     000600  000210  000810         C       0  STRCODE     2
                text9                          000CAF  000011  000CC0      195E       0  CODE        2
                text1                          000CC0  00001A  000CDA      1980       0  CODE        2
                text7                          000CDA  000024  000CFE      19B4       0  CODE        2
                text3                          000CFE  000052  000D50      19FC       0  CODE        2
                text6                          000D50  000057  000DA7      1AA0       0  CODE        2
                text4                          000DA7  00005B  000E02      1B4E       0  CODE        2
                text5                          000E02  000069  000E6B      1C04       0  CODE        2
                text8                          000E6B  000195  001000      1CD6       0  CODE        2


UNUSED ADDRESS RANGES

        Name                Unused          Largest block    Delta
        BANK0            003D-006F             33           1
        BANK1            00A0-00EF             50           1
        BANK2            0110-016F             60           1
        BANK3            0190-01EF             60           1
        CODE             0003-0003              1           2
                         0810-0CAE            49F
                         1000-1FFF            800
        COMMON           007B-007D              3           1
        CONST            0003-0003              1           2
                         0810-0CAE            100
                         1000-1FFF            100
        EEDATA           2100-21FF            100           2
        ENTRY            0003-0003              1           2
                         0810-0CAE            100
                         1000-1FFF            100
        IDLOC            2000-2003              4           2
        RAM              003D-006F             33           1
                         00A0-00EF             50
                         0110-016F             60
                         0190-01EF             60
        SFR0             0000-001F             20           1
        SFR1             0080-009F             20           1
        SFR2             0100-010F             10           1
        SFR3             0180-018F             10           1
        STACK            0110-016F             60           1
        STRCODE          0003-0003              1           2
                         0810-0CAE            49F
                         1000-1FFF           1000
        STRING           0003-0003              1           2
                         0810-0CAE            100
                         1000-1FFF            100

                                  Symbol Table

?___awdiv                 cstackBANK0  0020
?___awmod                 cstackBANK0  0020
?_strlen                  cstackBANK0  0020
String_Completo@i         cstackBANK0  0029
String_Completo@var       cstackBANK0  0024
_ADCON0bits               (abs)        001F
_ADCON1bits               (abs)        009F
_ADRESH                   (abs)        001E
_ADRESL                   (abs)        009E
_ANSEL                    (abs)        0188
_ANSELH                   (abs)        0189
_BAUDCTLbits              (abs)        0187
_CCP1CONbits              (abs)        0017
_CCP2CONbits              (abs)        001D
_CCPR1L                   (abs)        0015
_CCPR2L                   (abs)        001B
_EEADR                    (abs)        010D
_EECON1bits               (abs)        018C
_EECON2                   (abs)        018D
_EEDAT                    (abs)        010C
_EEDATA                   (abs)        010C
_INTCONbits               (abs)        000B
_IOCB                     (abs)        0096
_OPTION_REGbits           (abs)        0081
_OSCCONbits               (abs)        008F
_PIE1bits                 (abs)        008C
_PIR1bits                 (abs)        000C
_PORTA                    (abs)        0005
_PORTAbits                (abs)        0005
_PORTB                    (abs)        0006
_PORTBbits                (abs)        0006
_PORTC                    (abs)        0007
_PORTD                    (abs)        0008
_PORTDbits                (abs)        0008
_PORTE                    (abs)        0009
_PR2                      (abs)        0092
_RB3_old                  bssBANK0     002E
_RCREG                    (abs)        001A
_RCSTAbits                (abs)        0018
_SPBRG                    (abs)        0099
_SPBRGH                   (abs)        009A
_String_Completo          text6        0D50
_T2CONbits                (abs)        0012
_TRISA                    (abs)        0085
_TRISB                    (abs)        0086
_TRISC                    (abs)        0087
_TRISD                    (abs)        0088
_TRISE                    (abs)        0089
_TXREG                    (abs)        0019
_TXSTAbits                (abs)        0098
_WPUB                     (abs)        0095
__Habs1                   abs1         0000
__Hbank0                  bank0        0000
__Hbank1                  bank1        0000
__Hbank2                  bank2        0000
__Hbank3                  bank3        0000
__HbssBANK0               bssBANK0     0000
__HbssCOMMON              bssCOMMON    0000
__Hcinit                  cinit        0039
__Hclrtext                clrtext      0000
__Hcode                   code         0000
__Hcommon                 common       0000
__Hconfig                 config       2009
__HcstackBANK0            cstackBANK0  0000
__HcstackCOMMON           cstackCOMMON 0000
__HdataBANK0              dataBANK0    0000
__HdataCOMMON             dataCOMMON   0000
__Heeprom_data            eeprom_data  0000
__Hend_init               end_init     000F
__Hfunctab                functab      0000
__HidataBANK0             idataBANK0   0000
__HidataCOMMON            idataCOMMON  0000
__Hinit                   init         000C
__Hintentry               intentry     000C
__Hmaintext               maintext     0000
__Hpowerup                powerup      0000
__Hram                    ram          0000
__Hreset_vec              reset_vec    0003
__Hsfr0                   sfr0         0000
__Hsfr1                   sfr1         0000
__Hsfr2                   sfr2         0000
__Hsfr3                   sfr3         0000
__Hspace_0                (abs)        1000
__Hspace_1                (abs)        007B
__Hspace_2                (abs)        0000
__Hspace_3                (abs)        0000
__Hspace_4                (abs)        4010
__Hstack                  stack        0000
__Hstrings                strings      0000
__Hstringtext             stringtext   0000
__Htext                   text         0000
__Labs1                   abs1         0000
__Lbank0                  bank0        0000
__Lbank1                  bank1        0000
__Lbank2                  bank2        0000
__Lbank3                  bank3        0000
__LbssBANK0               bssBANK0     0000
__LbssCOMMON              bssCOMMON    0000
__Lcinit                  cinit        000F
__Lclrtext                clrtext      0000
__Lcode                   code         0000
__Lcommon                 common       0000
__Lconfig                 config       0000
__LcstackBANK0            cstackBANK0  0000
__LcstackCOMMON           cstackCOMMON 0000
__LdataBANK0              dataBANK0    0000
__LdataCOMMON             dataCOMMON   0000
__Leeprom_data            eeprom_data  0000
__Lend_init               end_init     000C
__Lfunctab                functab      0000
__LidataBANK0             idataBANK0   0000
__LidataCOMMON            idataCOMMON  0000
__Linit                   init         000C
__Lintentry               intentry     0004
__Lmaintext               maintext     0000
__Lpowerup                powerup      0000
__Lram                    ram          0000
__Lreset_vec              reset_vec    0000
__Lsfr0                   sfr0         0000
__Lsfr1                   sfr1         0000
__Lsfr2                   sfr2         0000
__Lsfr3                   sfr3         0000
__Lspace_0                (abs)        0000
__Lspace_1                (abs)        0000
__Lspace_2                (abs)        0000
__Lspace_3                (abs)        0000
__Lspace_4                (abs)        0000
__Lstack                  stack        0000
__Lstrings                strings      0000
__Lstringtext             stringtext   0000
__Ltext                   text         0000
__S0                      (abs)        1000
__S1                      (abs)        007B
__S2                      (abs)        0000
__S3                      (abs)        0000
___awdiv                  text5        0E02
___awdiv@counter          cstackBANK0  0025
___awdiv@dividend         cstackBANK0  0022
___awdiv@divisor          cstackBANK0  0020
___awdiv@quotient         cstackBANK0  0027
___awdiv@sign             cstackBANK0  0026
___awmod                  text4        0DA7
___awmod@counter          cstackBANK0  0025
___awmod@dividend         cstackBANK0  0022
___awmod@divisor          cstackBANK0  0020
___awmod@sign             cstackBANK0  0026
___int_sp                 stack        0000
___latbits                (abs)        0002
___sp                     stack        0000
___stackhi                (abs)        0000
___stacklo                (abs)        0000
__end_of_String_Completo  text6        0DA7
__end_of___awdiv          text5        0E6B
__end_of___awmod          text4        0E02
__end_of__initialization  cinit        0035
__end_of__stringtab       strings      05FC
__end_of_decimal          text3        0D50
__end_of_isr              text8        1000
__end_of_main             maintext     0568
__end_of_readFromEEPROM   text9        0CC0
__end_of_setup            text2        05EA
__end_of_strlen           text7        0CFE
__end_of_writeToEEPROM    text1        0CDA
__initialization          cinit        000F
__pbssBANK0               bssBANK0     002E
__pbssCOMMON              bssCOMMON    0078
__pcstackBANK0            cstackBANK0  0020
__pcstackCOMMON           cstackCOMMON 0070
__pdataBANK0              dataBANK0    003A
__pdataCOMMON             dataCOMMON   007A
__pidataBANK0             idataBANK0   05FC
__pidataCOMMON            idataCOMMON  05FF
__pintentry               intentry     0004
__pmaintext               maintext     0039
__pstrings                strings      05EA
__pstringtext             stringtext   0600
__ptext1                  text1        0CC0
__ptext2                  text2        0568
__ptext3                  text3        0CFE
__ptext4                  text4        0DA7
__ptext5                  text5        0E02
__ptext6                  text6        0D50
__ptext7                  text7        0CDA
__ptext8                  text8        0E6B
__ptext9                  text9        0CAF
__size_of_String_Completo (abs)        0000
__size_of___awdiv         (abs)        0000
__size_of___awmod         (abs)        0000
__size_of_decimal         (abs)        0000
__size_of_isr             (abs)        0000
__size_of_main            (abs)        0000
__size_of_readFromEEPROM  (abs)        0000
__size_of_setup           (abs)        0000
__size_of_strlen          (abs)        0000
__size_of_writeToEEPROM   (abs)        0000
__stringbase              strings      05FC
__stringtab               strings      05EA
_addressEEPROM            dataBANK0    003C
_centenas                 bssBANK0     0034
_decenas                  bssBANK0     0033
_decenas_temp             bssBANK0     0032
_decimal                  text3        0CFE
_eepromVal                bssBANK0     0030
_flag                     dataBANK0    003A
_flag2                    bssCOMMON    0078
_isr                      text8        0E6B
_main                     maintext     0039
_opcion                   bssBANK0     0039
_readFromEEPROM           text9        0CAF
_read_EEPROM              dataCOMMON   007A
_setup                    text2        0568
_strlen                   text7        0CDA
_temp_posicion1           bssBANK0     0038
_temp_posicion2           bssBANK0     0037
_unidades                 bssBANK0     0031
_valor_pot                bssBANK0     0036
_var_temp                 bssBANK0     0035
_writeToEEPROM            text1        0CC0
btemp                     (abs)        007E
decimal@val               cstackBANK0  0020
end_of_initialization     cinit        0035
interrupt_function        intentry     0004
intlevel0                 functab      0000
intlevel1                 functab      0000
intlevel2                 functab      0000
intlevel3                 functab      0000
intlevel4                 functab      0000
intlevel5                 functab      0000
readFromEEPROM@address    cstackCOMMON 0071
readFromEEPROM@data       cstackCOMMON 0072
reset_vec                 reset_vec    0000
saved_w                   (abs)        007E
start                     init         000C
start_initialization      cinit        000F
strlen@cp                 cstackBANK0  0022
strlen@s                  cstackBANK0  0020
writeToEEPROM@address     cstackBANK0  0020
writeToEEPROM@data        cstackBANK0  0021
wtemp0                    (abs)        007E


FUNCTION INFORMATION:

 *************** function _main *****************
 Defined at:
		line 88 in file "Proyecto2.c"
 Parameters:    Size  Location     Type
		None
 Auto vars:     Size  Location     Type
		None
 Return value:  Size  Location     Type
                  1    wreg      void 
 Registers used:
		wreg, fsr0l, fsr0h, status,2, status,0, btemp+1, pclath, cstack
 Tracked objects:
		On entry : 
		On exit  : 
		Unchanged: 
 Data sizes:     COMMON   BANK0   BANK1   BANK3   BANK2
      Params:         0       0       0       0       0
      Locals:         0       0       0       0       0
      Temps:          0       3       0       0       0
      Totals:         0       3       0       0       0
Total ram usage:        3 bytes
 Hardware stack levels required when called:    4
 This function calls:
		_String_Completo
		___awdiv
		___awmod
		_decimal
		_setup
		_writeToEEPROM
 This function is called by:
		Startup code after reset
 This function uses a non-reentrant model


 *************** function _writeToEEPROM *****************
 Defined at:
		line 470 in file "Proyecto2.c"
 Parameters:    Size  Location     Type
  data            1    wreg     unsigned char 
  address         1    0[BANK0 ] unsigned char 
 Auto vars:     Size  Location     Type
  data            1    1[BANK0 ] unsigned char 
 Return value:  Size  Location     Type
                  1    wreg      void 
 Registers used:
		wreg
 Tracked objects:
		On entry : 
		On exit  : 
		Unchanged: 
 Data sizes:     COMMON   BANK0   BANK1   BANK3   BANK2
      Params:         0       1       0       0       0
      Locals:         0       1       0       0       0
      Temps:          0       0       0       0       0
      Totals:         0       2       0       0       0
Total ram usage:        2 bytes
 Hardware stack levels used:    1
 Hardware stack levels required when called:    2
 This function calls:
		Nothing
 This function is called by:
		_main
 This function uses a non-reentrant model


 *************** function _setup *****************
 Defined at:
		line 501 in file "Proyecto2.c"
 Parameters:    Size  Location     Type
		None
 Auto vars:     Size  Location     Type
		None
 Return value:  Size  Location     Type
                  1    wreg      void 
 Registers used:
		wreg, status,2, status,0
 Tracked objects:
		On entry : 
		On exit  : 
		Unchanged: 
 Data sizes:     COMMON   BANK0   BANK1   BANK3   BANK2
      Params:         0       0       0       0       0
      Locals:         0       0       0       0       0
      Temps:          0       1       0       0       0
      Totals:         0       1       0       0       0
Total ram usage:        1 bytes
 Hardware stack levels used:    1
 Hardware stack levels required when called:    2
 This function calls:
		Nothing
 This function is called by:
		_main
 This function uses a non-reentrant model


 *************** function _decimal *****************
 Defined at:
		line 435 in file "Proyecto2.c"
 Parameters:    Size  Location     Type
  val             1    wreg     unsigned char 
 Auto vars:     Size  Location     Type
  val             1    0[BANK0 ] unsigned char 
 Return value:  Size  Location     Type
                  1    wreg      unsigned char 
 Registers used:
		wreg, status,2, status,0
 Tracked objects:
		On entry : 
		On exit  : 
		Unchanged: 
 Data sizes:     COMMON   BANK0   BANK1   BANK3   BANK2
      Params:         0       0       0       0       0
      Locals:         0       1       0       0       0
      Temps:          0       0       0       0       0
      Totals:         0       1       0       0       0
Total ram usage:        1 bytes
 Hardware stack levels used:    1
 Hardware stack levels required when called:    2
 This function calls:
		Nothing
 This function is called by:
		_main
 This function uses a non-reentrant model


 *************** function ___awmod *****************
 Defined at:
		line 5 in file "C:\Program Files\Microchip\xc8\v2.31\pic\sources\c90\common\awmod.c"
 Parameters:    Size  Location     Type
  divisor         2    0[BANK0 ] int 
  dividend        2    2[BANK0 ] int 
 Auto vars:     Size  Location     Type
  sign            1    6[BANK0 ] unsigned char 
  counter         1    5[BANK0 ] unsigned char 
 Return value:  Size  Location     Type
                  2    0[BANK0 ] int 
 Registers used:
		wreg, status,2, status,0
 Tracked objects:
		On entry : 
		On exit  : 
		Unchanged: 
 Data sizes:     COMMON   BANK0   BANK1   BANK3   BANK2
      Params:         0       4       0       0       0
      Locals:         0       2       0       0       0
      Temps:          0       1       0       0       0
      Totals:         0       7       0       0       0
Total ram usage:        7 bytes
 Hardware stack levels used:    1
 Hardware stack levels required when called:    2
 This function calls:
		Nothing
 This function is called by:
		_main
 This function uses a non-reentrant model


 *************** function ___awdiv *****************
 Defined at:
		line 5 in file "C:\Program Files\Microchip\xc8\v2.31\pic\sources\c90\common\awdiv.c"
 Parameters:    Size  Location     Type
  divisor         2    0[BANK0 ] int 
  dividend        2    2[BANK0 ] int 
 Auto vars:     Size  Location     Type
  quotient        2    7[BANK0 ] int 
  sign            1    6[BANK0 ] unsigned char 
  counter         1    5[BANK0 ] unsigned char 
 Return value:  Size  Location     Type
                  2    0[BANK0 ] int 
 Registers used:
		wreg, status,2, status,0
 Tracked objects:
		On entry : 
		On exit  : 
		Unchanged: 
 Data sizes:     COMMON   BANK0   BANK1   BANK3   BANK2
      Params:         0       4       0       0       0
      Locals:         0       4       0       0       0
      Temps:          0       1       0       0       0
      Totals:         0       9       0       0       0
Total ram usage:        9 bytes
 Hardware stack levels used:    1
 Hardware stack levels required when called:    2
 This function calls:
		Nothing
 This function is called by:
		_main
 This function uses a non-reentrant model


 *************** function _String_Completo *****************
 Defined at:
		line 459 in file "Proyecto2.c"
 Parameters:    Size  Location     Type
  var             2    4[BANK0 ] PTR unsigned char 
		 -> STR_26(50), STR_25(25), STR_24(13), STR_23(28), 
		 -> STR_22(30), STR_21(38), STR_20(25), STR_19(23), 
		 -> STR_18(15), STR_17(12), STR_16(38), STR_15(17), 
		 -> STR_14(16), STR_13(15), STR_12(37), STR_11(17), 
		 -> STR_10(16), STR_9(15), STR_8(36), STR_7(30), 
		 -> STR_6(35), STR_5(19), STR_4(19), STR_3(18), 
		 -> STR_2(27), STR_1(50), 
 Auto vars:     Size  Location     Type
  i               2    9[BANK0 ] int 
 Return value:  Size  Location     Type
                  1    wreg      void 
 Registers used:
		wreg, fsr0l, fsr0h, status,2, status,0, btemp+1, pclath, cstack
 Tracked objects:
		On entry : 
		On exit  : 
		Unchanged: 
 Data sizes:     COMMON   BANK0   BANK1   BANK3   BANK2
      Params:         0       2       0       0       0
      Locals:         0       2       0       0       0
      Temps:          0       3       0       0       0
      Totals:         0       7       0       0       0
Total ram usage:        7 bytes
 Hardware stack levels used:    1
 Hardware stack levels required when called:    3
 This function calls:
		_strlen
 This function is called by:
		_main
 This function uses a non-reentrant model


 *************** function _strlen *****************
 Defined at:
		line 4 in file "C:\Program Files\Microchip\xc8\v2.31\pic\sources\c90\common\strlen.c"
 Parameters:    Size  Location     Type
  s               2    0[BANK0 ] PTR const unsigned char 
		 -> STR_26(50), STR_25(25), STR_24(13), STR_23(28), 
		 -> STR_22(30), STR_21(38), STR_20(25), STR_19(23), 
		 -> STR_18(15), STR_17(12), STR_16(38), STR_15(17), 
		 -> STR_14(16), STR_13(15), STR_12(37), STR_11(17), 
		 -> STR_10(16), STR_9(15), STR_8(36), STR_7(30), 
		 -> STR_6(35), STR_5(19), STR_4(19), STR_3(18), 
		 -> STR_2(27), STR_1(50), 
 Auto vars:     Size  Location     Type
  cp              2    2[BANK0 ] PTR const unsigned char 
		 -> STR_26(50), STR_25(25), STR_24(13), STR_23(28), 
		 -> STR_22(30), STR_21(38), STR_20(25), STR_19(23), 
		 -> STR_18(15), STR_17(12), STR_16(38), STR_15(17), 
		 -> STR_14(16), STR_13(15), STR_12(37), STR_11(17), 
		 -> STR_10(16), STR_9(15), STR_8(36), STR_7(30), 
		 -> STR_6(35), STR_5(19), STR_4(19), STR_3(18), 
		 -> STR_2(27), STR_1(50), 
 Return value:  Size  Location     Type
                  2    0[BANK0 ] unsigned int 
 Registers used:
		wreg, fsr0l, fsr0h, status,2, status,0, btemp+1, pclath
 Tracked objects:
		On entry : 
		On exit  : 
		Unchanged: 
 Data sizes:     COMMON   BANK0   BANK1   BANK3   BANK2
      Params:         0       2       0       0       0
      Locals:         0       2       0       0       0
      Temps:          0       0       0       0       0
      Totals:         0       4       0       0       0
Total ram usage:        4 bytes
 Hardware stack levels used:    1
 Hardware stack levels required when called:    2
 This function calls:
		Nothing
 This function is called by:
		_String_Completo
 This function uses a non-reentrant model


 *************** function _isr *****************
 Defined at:
		line 332 in file "Proyecto2.c"
 Parameters:    Size  Location     Type
		None
 Auto vars:     Size  Location     Type
		None
 Return value:  Size  Location     Type
                  1    wreg      void 
 Registers used:
		wreg, status,2, status,0, pclath, cstack
 Tracked objects:
		On entry : 
		On exit  : 
		Unchanged: 
 Data sizes:     COMMON   BANK0   BANK1   BANK3   BANK2
      Params:         0       0       0       0       0
      Locals:         0       0       0       0       0
      Temps:          5       0       0       0       0
      Totals:         5       0       0       0       0
Total ram usage:        5 bytes
 Hardware stack levels used:    1
 Hardware stack levels required when called:    1
 This function calls:
		_readFromEEPROM
 This function is called by:
		Interrupt level 1
 This function uses a non-reentrant model


 *************** function _readFromEEPROM *****************
 Defined at:
		line 490 in file "Proyecto2.c"
 Parameters:    Size  Location     Type
  address         1    wreg     unsigned char 
 Auto vars:     Size  Location     Type
  address         1    1[COMMON] unsigned char 
  data            1    2[COMMON] unsigned char 
 Return value:  Size  Location     Type
                  1    wreg      unsigned char 
 Registers used:
		wreg
 Tracked objects:
		On entry : 
		On exit  : 
		Unchanged: 
 Data sizes:     COMMON   BANK0   BANK1   BANK3   BANK2
      Params:         0       0       0       0       0
      Locals:         2       0       0       0       0
      Temps:          1       0       0       0       0
      Totals:         3       0       0       0       0
Total ram usage:        3 bytes
 Hardware stack levels used:    1
 This function calls:
		Nothing
 This function is called by:
		_isr
 This function uses a non-reentrant model



MODULE INFORMATION

Module		Function		Class		Link	Load	Size
C:\Program Files\Microchip\xc8\v2.31\pic\sources\c90\common\awmod.c
		___awmod       		CODE           	0DA7	0000	91

C:\Program Files\Microchip\xc8\v2.31\pic\sources\c90\common\awmod.c estimated size: 91

C:\Program Files\Microchip\xc8\v2.31\pic\sources\c90\common\awdiv.c
		___awdiv       		CODE           	0E02	0000	105

C:\Program Files\Microchip\xc8\v2.31\pic\sources\c90\common\awdiv.c estimated size: 105

shared
		__stringtab    		STRING         	05EA	0000	18
		__initialization		CODE           	000F	0000	38

shared estimated size: 56

Proyecto2.c
		_decimal       		CODE           	0CFE	0000	82
		_writeToEEPROM 		CODE           	0CC0	0000	26
		_readFromEEPROM		CODE           	0CAF	0000	17
		_main          		CODE           	0039	0000	1327
		_isr           		CODE           	0E6B	0000	405
		_String_Completo		CODE           	0D50	0000	87
		_setup         		CODE           	0568	0000	130

Proyecto2.c estimated size: 2074

C:\Program Files\Microchip\xc8\v2.31\pic\sources\c90\common\strlen.c
		_strlen        		CODE           	0CDA	0000	36

C:\Program Files\Microchip\xc8\v2.31\pic\sources\c90\common\strlen.c estimated size: 36

